Component: ARM Compiler 5.05 update 1 (build 106) Tool: armlink [4d0efa]

==============================================================================

Section Cross References

    stm32f4xx_hal_msp.o(i.HAL_MspInit) refers to stm32f4xx_hal_cortex.o(i.HAL_NVIC_SetPriorityGrouping) for HAL_NVIC_SetPriorityGrouping
    stm32f4xx_hal_msp.o(i.HAL_MspInit) refers to stm32f4xx_hal_cortex.o(i.HAL_NVIC_SetPriority) for HAL_NVIC_SetPriority
    stm32f4xx_hal_msp.o(i.HAL_TIM_Base_MspDeInit) refers to stm32f4xx_hal_gpio.o(i.HAL_GPIO_DeInit) for HAL_GPIO_DeInit
    stm32f4xx_hal_msp.o(i.HAL_TIM_Base_MspDeInit) refers to stm32f4xx_hal_cortex.o(i.HAL_NVIC_DisableIRQ) for HAL_NVIC_DisableIRQ
    stm32f4xx_hal_msp.o(i.HAL_TIM_Base_MspInit) refers to stm32f4xx_hal_cortex.o(i.HAL_NVIC_SetPriority) for HAL_NVIC_SetPriority
    stm32f4xx_hal_msp.o(i.HAL_TIM_Base_MspInit) refers to stm32f4xx_hal_gpio.o(i.HAL_GPIO_Init) for HAL_GPIO_Init
    stm32f4xx_hal_msp.o(i.HAL_TIM_Base_MspInit) refers to stm32f4xx_hal_cortex.o(i.HAL_NVIC_EnableIRQ) for HAL_NVIC_EnableIRQ
    stm32f4xx_hal_msp.o(i.HAL_TIM_MspPostInit) refers to stm32f4xx_hal_gpio.o(i.HAL_GPIO_Init) for HAL_GPIO_Init
    main.o(i.MX_GPIO_Init) refers to stm32f4xx_hal_gpio.o(i.HAL_GPIO_Init) for HAL_GPIO_Init
    main.o(i.MX_GPIO_Init) refers to stm32f4xx_hal_gpio.o(i.HAL_GPIO_WritePin) for HAL_GPIO_WritePin
    main.o(i.MX_TIM3_Init) refers to stm32f4xx_hal_tim.o(i.HAL_TIM_Base_Init) for HAL_TIM_Base_Init
    main.o(i.MX_TIM3_Init) refers to stm32f4xx_hal_tim.o(i.HAL_TIM_ConfigClockSource) for HAL_TIM_ConfigClockSource
    main.o(i.MX_TIM3_Init) refers to stm32f4xx_hal_tim.o(i.HAL_TIM_PWM_Init) for HAL_TIM_PWM_Init
    main.o(i.MX_TIM3_Init) refers to stm32f4xx_hal_tim_ex.o(i.HAL_TIMEx_MasterConfigSynchronization) for HAL_TIMEx_MasterConfigSynchronization
    main.o(i.MX_TIM3_Init) refers to stm32f4xx_hal_tim.o(i.HAL_TIM_PWM_ConfigChannel) for HAL_TIM_PWM_ConfigChannel
    main.o(i.MX_TIM3_Init) refers to stm32f4xx_hal_msp.o(i.HAL_TIM_MspPostInit) for HAL_TIM_MspPostInit
    main.o(i.MX_TIM3_Init) refers to main.o(.bss) for .bss
    main.o(i.MX_TIM8_Init) refers to stm32f4xx_hal_tim.o(i.HAL_TIM_Base_Init) for HAL_TIM_Base_Init
    main.o(i.MX_TIM8_Init) refers to stm32f4xx_hal_tim.o(i.HAL_TIM_ConfigClockSource) for HAL_TIM_ConfigClockSource
    main.o(i.MX_TIM8_Init) refers to stm32f4xx_hal_tim.o(i.HAL_TIM_IC_Init) for HAL_TIM_IC_Init
    main.o(i.MX_TIM8_Init) refers to stm32f4xx_hal_tim_ex.o(i.HAL_TIMEx_MasterConfigSynchronization) for HAL_TIMEx_MasterConfigSynchronization
    main.o(i.MX_TIM8_Init) refers to stm32f4xx_hal_tim.o(i.HAL_TIM_IC_ConfigChannel) for HAL_TIM_IC_ConfigChannel
    main.o(i.MX_TIM8_Init) refers to main.o(.bss) for .bss
    main.o(i.SystemClock_Config) refers to stm32f4xx_hal_rcc.o(i.HAL_RCC_OscConfig) for HAL_RCC_OscConfig
    main.o(i.SystemClock_Config) refers to stm32f4xx_hal_rcc.o(i.HAL_RCC_ClockConfig) for HAL_RCC_ClockConfig
    main.o(i.SystemClock_Config) refers to stm32f4xx_hal_rcc.o(i.HAL_RCC_GetHCLKFreq) for HAL_RCC_GetHCLKFreq
    main.o(i.SystemClock_Config) refers to stm32f4xx_hal_cortex.o(i.HAL_SYSTICK_Config) for HAL_SYSTICK_Config
    main.o(i.SystemClock_Config) refers to stm32f4xx_hal_cortex.o(i.HAL_SYSTICK_CLKSourceConfig) for HAL_SYSTICK_CLKSourceConfig
    main.o(i.SystemClock_Config) refers to stm32f4xx_hal_cortex.o(i.HAL_NVIC_SetPriority) for HAL_NVIC_SetPriority
    main.o(i.main) refers to stm32f4xx_hal.o(i.HAL_Init) for HAL_Init
    main.o(i.main) refers to main.o(i.SystemClock_Config) for SystemClock_Config
    main.o(i.main) refers to main.o(i.MX_GPIO_Init) for MX_GPIO_Init
    main.o(i.main) refers to main.o(i.MX_TIM3_Init) for MX_TIM3_Init
    main.o(i.main) refers to main.o(i.MX_TIM8_Init) for MX_TIM8_Init
    main.o(i.main) refers to rc5.o(i.rc5_init) for rc5_init
    main.o(i.main) refers to rc5.o(i.rc5_send) for rc5_send
    main.o(i.main) refers to stm32f4xx_hal.o(i.HAL_Delay) for HAL_Delay
    main.o(i.main) refers to main.o(.data) for .data
    stm32f4xx_it.o(i.SysTick_Handler) refers to stm32f4xx_hal.o(i.HAL_IncTick) for HAL_IncTick
    stm32f4xx_it.o(i.SysTick_Handler) refers to stm32f4xx_hal_cortex.o(i.HAL_SYSTICK_IRQHandler) for HAL_SYSTICK_IRQHandler
    stm32f4xx_it.o(i.TIM3_IRQHandler) refers to stm32f4xx_hal_tim.o(i.HAL_TIM_IRQHandler) for HAL_TIM_IRQHandler
    stm32f4xx_it.o(i.TIM3_IRQHandler) refers to main.o(.bss) for htim3
    stm32f4xx_it.o(i.TIM3_IRQHandler) refers to rc5.o(.bss) for htim3
    stm32f4xx_it.o(i.TIM8_CC_IRQHandler) refers to stm32f4xx_hal_gpio.o(i.HAL_GPIO_WritePin) for HAL_GPIO_WritePin
    stm32f4xx_it.o(i.TIM8_CC_IRQHandler) refers to stm32f4xx_hal_tim.o(i.HAL_TIM_IRQHandler) for HAL_TIM_IRQHandler
    stm32f4xx_it.o(i.TIM8_CC_IRQHandler) refers to stm32f4xx_it.o(.data) for .data
    stm32f4xx_it.o(i.TIM8_CC_IRQHandler) refers to main.o(.bss) for htim8
    stm32f4xx_it.o(i.TIM8_CC_IRQHandler) refers to rc5.o(.bss) for htim8
    rc5.o(i.MX_TIM3_Init) refers to rc5.o(i.pwm_period_get) for pwm_period_get
    rc5.o(i.MX_TIM3_Init) refers to stm32f4xx_hal_tim.o(i.HAL_TIM_Base_Init) for HAL_TIM_Base_Init
    rc5.o(i.MX_TIM3_Init) refers to stm32f4xx_hal_tim.o(i.HAL_TIM_ConfigClockSource) for HAL_TIM_ConfigClockSource
    rc5.o(i.MX_TIM3_Init) refers to stm32f4xx_hal_tim.o(i.HAL_TIM_PWM_Init) for HAL_TIM_PWM_Init
    rc5.o(i.MX_TIM3_Init) refers to stm32f4xx_hal_tim_ex.o(i.HAL_TIMEx_MasterConfigSynchronization) for HAL_TIMEx_MasterConfigSynchronization
    rc5.o(i.MX_TIM3_Init) refers to rc5.o(i.pwm_duty_get) for pwm_duty_get
    rc5.o(i.MX_TIM3_Init) refers to stm32f4xx_hal_tim.o(i.HAL_TIM_PWM_ConfigChannel) for HAL_TIM_PWM_ConfigChannel
    rc5.o(i.MX_TIM3_Init) refers to stm32f4xx_hal_msp.o(i.HAL_TIM_MspPostInit) for HAL_TIM_MspPostInit
    rc5.o(i.MX_TIM3_Init) refers to rc5.o(.bss) for .bss
    rc5.o(i.MX_TIM8_Init) refers to stm32f4xx_hal_tim.o(i.HAL_TIM_Base_Init) for HAL_TIM_Base_Init
    rc5.o(i.MX_TIM8_Init) refers to stm32f4xx_hal_tim.o(i.HAL_TIM_ConfigClockSource) for HAL_TIM_ConfigClockSource
    rc5.o(i.MX_TIM8_Init) refers to stm32f4xx_hal_tim.o(i.HAL_TIM_IC_Init) for HAL_TIM_IC_Init
    rc5.o(i.MX_TIM8_Init) refers to stm32f4xx_hal_tim_ex.o(i.HAL_TIMEx_MasterConfigSynchronization) for HAL_TIMEx_MasterConfigSynchronization
    rc5.o(i.MX_TIM8_Init) refers to stm32f4xx_hal_tim.o(i.HAL_TIM_IC_ConfigChannel) for HAL_TIM_IC_ConfigChannel
    rc5.o(i.MX_TIM8_Init) refers to rc5.o(.bss) for .bss
    rc5.o(i.pwm_duty_get) refers to rc5.o(i.pwm_period_get) for pwm_period_get
    rc5.o(i.pwm_period_get) refers to stm32f4xx_hal_rcc.o(i.HAL_RCC_GetPCLK2Freq) for HAL_RCC_GetPCLK2Freq
    rc5.o(i.pwm_period_get) refers to rc5.o(.bss) for .bss
    rc5.o(i.rc5_init) refers to rc5.o(i.MX_TIM3_Init) for MX_TIM3_Init
    rc5.o(i.rc5_init) refers to rc5.o(i.MX_TIM8_Init) for MX_TIM8_Init
    rc5.o(i.rc5_init) refers to stm32f4xx_hal_tim.o(i.HAL_TIM_IC_Start) for HAL_TIM_IC_Start
    rc5.o(i.rc5_init) refers to stm32f4xx_hal_tim.o(i.HAL_TIM_IC_Start_IT) for HAL_TIM_IC_Start_IT
    rc5.o(i.rc5_init) refers to rc5.o(.bss) for .bss
    rc5.o(i.rc5_send) refers to stm32f4xx_hal_tim.o(i.HAL_TIM_PWM_Start) for HAL_TIM_PWM_Start
    rc5.o(i.rc5_send) refers to stm32f4xx_hal_tim.o(i.HAL_TIM_PWM_Stop) for HAL_TIM_PWM_Stop
    rc5.o(i.rc5_send) refers to rc5.o(.bss) for .bss
    system_stm32f4xx.o(i.SystemCoreClockUpdate) refers to system_stm32f4xx.o(.data) for .data
    system_stm32f4xx.o(i.SystemCoreClockUpdate) refers to system_stm32f4xx.o(.constdata) for .constdata
    stm32f4xx_hal_tim.o(i.HAL_TIM_Base_DeInit) refers to stm32f4xx_hal_msp.o(i.HAL_TIM_Base_MspDeInit) for HAL_TIM_Base_MspDeInit
    stm32f4xx_hal_tim.o(i.HAL_TIM_Base_Init) refers to stm32f4xx_hal_msp.o(i.HAL_TIM_Base_MspInit) for HAL_TIM_Base_MspInit
    stm32f4xx_hal_tim.o(i.HAL_TIM_Base_Init) refers to stm32f4xx_hal_tim.o(i.TIM_Base_SetConfig) for TIM_Base_SetConfig
    stm32f4xx_hal_tim.o(i.HAL_TIM_Base_Start_DMA) refers to stm32f4xx_hal_dma.o(i.HAL_DMA_Start_IT) for HAL_DMA_Start_IT
    stm32f4xx_hal_tim.o(i.HAL_TIM_Base_Start_DMA) refers to stm32f4xx_hal_tim.o(i.TIM_DMAPeriodElapsedCplt) for TIM_DMAPeriodElapsedCplt
    stm32f4xx_hal_tim.o(i.HAL_TIM_Base_Start_DMA) refers to stm32f4xx_hal_tim.o(i.TIM_DMAError) for TIM_DMAError
    stm32f4xx_hal_tim.o(i.HAL_TIM_ConfigClockSource) refers to stm32f4xx_hal_tim.o(i.TIM_ETR_SetConfig) for TIM_ETR_SetConfig
    stm32f4xx_hal_tim.o(i.HAL_TIM_ConfigClockSource) refers to stm32f4xx_hal_tim.o(i.TIM_TI1_ConfigInputStage) for TIM_TI1_ConfigInputStage
    stm32f4xx_hal_tim.o(i.HAL_TIM_ConfigClockSource) refers to stm32f4xx_hal_tim.o(i.TIM_TI2_ConfigInputStage) for TIM_TI2_ConfigInputStage
    stm32f4xx_hal_tim.o(i.HAL_TIM_ConfigClockSource) refers to stm32f4xx_hal_tim.o(i.TIM_ITRx_SetConfig) for TIM_ITRx_SetConfig
    stm32f4xx_hal_tim.o(i.HAL_TIM_ConfigOCrefClear) refers to stm32f4xx_hal_tim.o(i.TIM_ETR_SetConfig) for TIM_ETR_SetConfig
    stm32f4xx_hal_tim.o(i.HAL_TIM_DMABurst_ReadStart) refers to stm32f4xx_hal_dma.o(i.HAL_DMA_Start_IT) for HAL_DMA_Start_IT
    stm32f4xx_hal_tim.o(i.HAL_TIM_DMABurst_ReadStart) refers to stm32f4xx_hal_tim.o(i.TIM_DMAError) for TIM_DMAError
    stm32f4xx_hal_tim.o(i.HAL_TIM_DMABurst_ReadStart) refers to stm32f4xx_hal_tim.o(i.TIM_DMACaptureCplt) for TIM_DMACaptureCplt
    stm32f4xx_hal_tim.o(i.HAL_TIM_DMABurst_ReadStart) refers to stm32f4xx_hal_tim.o(i.TIM_DMAPeriodElapsedCplt) for TIM_DMAPeriodElapsedCplt
    stm32f4xx_hal_tim.o(i.HAL_TIM_DMABurst_ReadStart) refers to stm32f4xx_hal_tim_ex.o(i.TIMEx_DMACommutationCplt) for TIMEx_DMACommutationCplt
    stm32f4xx_hal_tim.o(i.HAL_TIM_DMABurst_ReadStart) refers to stm32f4xx_hal_tim.o(i.TIM_DMATriggerCplt) for TIM_DMATriggerCplt
    stm32f4xx_hal_tim.o(i.HAL_TIM_DMABurst_ReadStop) refers to stm32f4xx_hal_dma.o(i.HAL_DMA_Abort) for HAL_DMA_Abort
    stm32f4xx_hal_tim.o(i.HAL_TIM_DMABurst_WriteStart) refers to stm32f4xx_hal_dma.o(i.HAL_DMA_Start_IT) for HAL_DMA_Start_IT
    stm32f4xx_hal_tim.o(i.HAL_TIM_DMABurst_WriteStart) refers to stm32f4xx_hal_tim.o(i.TIM_DMAError) for TIM_DMAError
    stm32f4xx_hal_tim.o(i.HAL_TIM_DMABurst_WriteStart) refers to stm32f4xx_hal_tim.o(i.TIM_DMADelayPulseCplt) for TIM_DMADelayPulseCplt
    stm32f4xx_hal_tim.o(i.HAL_TIM_DMABurst_WriteStart) refers to stm32f4xx_hal_tim.o(i.TIM_DMAPeriodElapsedCplt) for TIM_DMAPeriodElapsedCplt
    stm32f4xx_hal_tim.o(i.HAL_TIM_DMABurst_WriteStart) refers to stm32f4xx_hal_tim_ex.o(i.TIMEx_DMACommutationCplt) for TIMEx_DMACommutationCplt
    stm32f4xx_hal_tim.o(i.HAL_TIM_DMABurst_WriteStart) refers to stm32f4xx_hal_tim.o(i.TIM_DMATriggerCplt) for TIM_DMATriggerCplt
    stm32f4xx_hal_tim.o(i.HAL_TIM_DMABurst_WriteStop) refers to stm32f4xx_hal_dma.o(i.HAL_DMA_Abort) for HAL_DMA_Abort
    stm32f4xx_hal_tim.o(i.HAL_TIM_Encoder_DeInit) refers to stm32f4xx_hal_tim.o(i.HAL_TIM_Encoder_MspDeInit) for HAL_TIM_Encoder_MspDeInit
    stm32f4xx_hal_tim.o(i.HAL_TIM_Encoder_Init) refers to stm32f4xx_hal_tim.o(i.HAL_TIM_Encoder_MspInit) for HAL_TIM_Encoder_MspInit
    stm32f4xx_hal_tim.o(i.HAL_TIM_Encoder_Init) refers to stm32f4xx_hal_tim.o(i.TIM_Base_SetConfig) for TIM_Base_SetConfig
    stm32f4xx_hal_tim.o(i.HAL_TIM_Encoder_Start) refers to stm32f4xx_hal_tim.o(i.TIM_CCxChannelCmd) for TIM_CCxChannelCmd
    stm32f4xx_hal_tim.o(i.HAL_TIM_Encoder_Start_DMA) refers to stm32f4xx_hal_dma.o(i.HAL_DMA_Start_IT) for HAL_DMA_Start_IT
    stm32f4xx_hal_tim.o(i.HAL_TIM_Encoder_Start_DMA) refers to stm32f4xx_hal_tim.o(i.TIM_CCxChannelCmd) for TIM_CCxChannelCmd
    stm32f4xx_hal_tim.o(i.HAL_TIM_Encoder_Start_DMA) refers to stm32f4xx_hal_tim.o(i.TIM_DMACaptureCplt) for TIM_DMACaptureCplt
    stm32f4xx_hal_tim.o(i.HAL_TIM_Encoder_Start_DMA) refers to stm32f4xx_hal_tim.o(i.TIM_DMAError) for TIM_DMAError
    stm32f4xx_hal_tim.o(i.HAL_TIM_Encoder_Start_IT) refers to stm32f4xx_hal_tim.o(i.TIM_CCxChannelCmd) for TIM_CCxChannelCmd
    stm32f4xx_hal_tim.o(i.HAL_TIM_Encoder_Stop) refers to stm32f4xx_hal_tim.o(i.TIM_CCxChannelCmd) for TIM_CCxChannelCmd
    stm32f4xx_hal_tim.o(i.HAL_TIM_Encoder_Stop_DMA) refers to stm32f4xx_hal_tim.o(i.TIM_CCxChannelCmd) for TIM_CCxChannelCmd
    stm32f4xx_hal_tim.o(i.HAL_TIM_Encoder_Stop_IT) refers to stm32f4xx_hal_tim.o(i.TIM_CCxChannelCmd) for TIM_CCxChannelCmd
    stm32f4xx_hal_tim.o(i.HAL_TIM_IC_ConfigChannel) refers to stm32f4xx_hal_tim.o(i.TIM_TI1_SetConfig) for TIM_TI1_SetConfig
    stm32f4xx_hal_tim.o(i.HAL_TIM_IC_ConfigChannel) refers to stm32f4xx_hal_tim.o(i.TIM_TI2_SetConfig) for TIM_TI2_SetConfig
    stm32f4xx_hal_tim.o(i.HAL_TIM_IC_DeInit) refers to stm32f4xx_hal_tim.o(i.HAL_TIM_IC_MspDeInit) for HAL_TIM_IC_MspDeInit
    stm32f4xx_hal_tim.o(i.HAL_TIM_IC_Init) refers to stm32f4xx_hal_tim.o(i.HAL_TIM_IC_MspInit) for HAL_TIM_IC_MspInit
    stm32f4xx_hal_tim.o(i.HAL_TIM_IC_Init) refers to stm32f4xx_hal_tim.o(i.TIM_Base_SetConfig) for TIM_Base_SetConfig
    stm32f4xx_hal_tim.o(i.HAL_TIM_IC_Start) refers to stm32f4xx_hal_tim.o(i.TIM_CCxChannelCmd) for TIM_CCxChannelCmd
    stm32f4xx_hal_tim.o(i.HAL_TIM_IC_Start_DMA) refers to stm32f4xx_hal_dma.o(i.HAL_DMA_Start_IT) for HAL_DMA_Start_IT
    stm32f4xx_hal_tim.o(i.HAL_TIM_IC_Start_DMA) refers to stm32f4xx_hal_tim.o(i.TIM_CCxChannelCmd) for TIM_CCxChannelCmd
    stm32f4xx_hal_tim.o(i.HAL_TIM_IC_Start_DMA) refers to stm32f4xx_hal_tim.o(i.TIM_DMACaptureCplt) for TIM_DMACaptureCplt
    stm32f4xx_hal_tim.o(i.HAL_TIM_IC_Start_DMA) refers to stm32f4xx_hal_tim.o(i.TIM_DMAError) for TIM_DMAError
    stm32f4xx_hal_tim.o(i.HAL_TIM_IC_Start_IT) refers to stm32f4xx_hal_tim.o(i.TIM_CCxChannelCmd) for TIM_CCxChannelCmd
    stm32f4xx_hal_tim.o(i.HAL_TIM_IC_Stop) refers to stm32f4xx_hal_tim.o(i.TIM_CCxChannelCmd) for TIM_CCxChannelCmd
    stm32f4xx_hal_tim.o(i.HAL_TIM_IC_Stop_DMA) refers to stm32f4xx_hal_tim.o(i.TIM_CCxChannelCmd) for TIM_CCxChannelCmd
    stm32f4xx_hal_tim.o(i.HAL_TIM_IC_Stop_IT) refers to stm32f4xx_hal_tim.o(i.TIM_CCxChannelCmd) for TIM_CCxChannelCmd
    stm32f4xx_hal_tim.o(i.HAL_TIM_IRQHandler) refers to stm32f4xx_hal_tim.o(i.HAL_TIM_IC_CaptureCallback) for HAL_TIM_IC_CaptureCallback
    stm32f4xx_hal_tim.o(i.HAL_TIM_IRQHandler) refers to stm32f4xx_hal_tim.o(i.HAL_TIM_OC_DelayElapsedCallback) for HAL_TIM_OC_DelayElapsedCallback
    stm32f4xx_hal_tim.o(i.HAL_TIM_IRQHandler) refers to stm32f4xx_hal_tim.o(i.HAL_TIM_PWM_PulseFinishedCallback) for HAL_TIM_PWM_PulseFinishedCallback
    stm32f4xx_hal_tim.o(i.HAL_TIM_IRQHandler) refers to stm32f4xx_hal_tim.o(i.HAL_TIM_PeriodElapsedCallback) for HAL_TIM_PeriodElapsedCallback
    stm32f4xx_hal_tim.o(i.HAL_TIM_IRQHandler) refers to stm32f4xx_hal_tim_ex.o(i.HAL_TIMEx_BreakCallback) for HAL_TIMEx_BreakCallback
    stm32f4xx_hal_tim.o(i.HAL_TIM_IRQHandler) refers to stm32f4xx_hal_tim.o(i.HAL_TIM_TriggerCallback) for HAL_TIM_TriggerCallback
    stm32f4xx_hal_tim.o(i.HAL_TIM_IRQHandler) refers to stm32f4xx_hal_tim_ex.o(i.HAL_TIMEx_CommutationCallback) for HAL_TIMEx_CommutationCallback
    stm32f4xx_hal_tim.o(i.HAL_TIM_OC_ConfigChannel) refers to stm32f4xx_hal_tim.o(i.TIM_OC1_SetConfig) for TIM_OC1_SetConfig
    stm32f4xx_hal_tim.o(i.HAL_TIM_OC_ConfigChannel) refers to stm32f4xx_hal_tim.o(i.TIM_OC2_SetConfig) for TIM_OC2_SetConfig
    stm32f4xx_hal_tim.o(i.HAL_TIM_OC_ConfigChannel) refers to stm32f4xx_hal_tim.o(i.TIM_OC3_SetConfig) for TIM_OC3_SetConfig
    stm32f4xx_hal_tim.o(i.HAL_TIM_OC_ConfigChannel) refers to stm32f4xx_hal_tim.o(i.TIM_OC4_SetConfig) for TIM_OC4_SetConfig
    stm32f4xx_hal_tim.o(i.HAL_TIM_OC_DeInit) refers to stm32f4xx_hal_tim.o(i.HAL_TIM_OC_MspDeInit) for HAL_TIM_OC_MspDeInit
    stm32f4xx_hal_tim.o(i.HAL_TIM_OC_Init) refers to stm32f4xx_hal_tim.o(i.HAL_TIM_OC_MspInit) for HAL_TIM_OC_MspInit
    stm32f4xx_hal_tim.o(i.HAL_TIM_OC_Init) refers to stm32f4xx_hal_tim.o(i.TIM_Base_SetConfig) for TIM_Base_SetConfig
    stm32f4xx_hal_tim.o(i.HAL_TIM_OC_Start) refers to stm32f4xx_hal_tim.o(i.TIM_CCxChannelCmd) for TIM_CCxChannelCmd
    stm32f4xx_hal_tim.o(i.HAL_TIM_OC_Start_DMA) refers to stm32f4xx_hal_dma.o(i.HAL_DMA_Start_IT) for HAL_DMA_Start_IT
    stm32f4xx_hal_tim.o(i.HAL_TIM_OC_Start_DMA) refers to stm32f4xx_hal_tim.o(i.TIM_CCxChannelCmd) for TIM_CCxChannelCmd
    stm32f4xx_hal_tim.o(i.HAL_TIM_OC_Start_DMA) refers to stm32f4xx_hal_tim.o(i.TIM_DMADelayPulseCplt) for TIM_DMADelayPulseCplt
    stm32f4xx_hal_tim.o(i.HAL_TIM_OC_Start_DMA) refers to stm32f4xx_hal_tim.o(i.TIM_DMAError) for TIM_DMAError
    stm32f4xx_hal_tim.o(i.HAL_TIM_OC_Start_IT) refers to stm32f4xx_hal_tim.o(i.TIM_CCxChannelCmd) for TIM_CCxChannelCmd
    stm32f4xx_hal_tim.o(i.HAL_TIM_OC_Stop) refers to stm32f4xx_hal_tim.o(i.TIM_CCxChannelCmd) for TIM_CCxChannelCmd
    stm32f4xx_hal_tim.o(i.HAL_TIM_OC_Stop_DMA) refers to stm32f4xx_hal_tim.o(i.TIM_CCxChannelCmd) for TIM_CCxChannelCmd
    stm32f4xx_hal_tim.o(i.HAL_TIM_OC_Stop_IT) refers to stm32f4xx_hal_tim.o(i.TIM_CCxChannelCmd) for TIM_CCxChannelCmd
    stm32f4xx_hal_tim.o(i.HAL_TIM_OnePulse_ConfigChannel) refers to stm32f4xx_hal_tim.o(i.TIM_OC1_SetConfig) for TIM_OC1_SetConfig
    stm32f4xx_hal_tim.o(i.HAL_TIM_OnePulse_ConfigChannel) refers to stm32f4xx_hal_tim.o(i.TIM_OC2_SetConfig) for TIM_OC2_SetConfig
    stm32f4xx_hal_tim.o(i.HAL_TIM_OnePulse_ConfigChannel) refers to stm32f4xx_hal_tim.o(i.TIM_TI1_SetConfig) for TIM_TI1_SetConfig
    stm32f4xx_hal_tim.o(i.HAL_TIM_OnePulse_ConfigChannel) refers to stm32f4xx_hal_tim.o(i.TIM_TI2_SetConfig) for TIM_TI2_SetConfig
    stm32f4xx_hal_tim.o(i.HAL_TIM_OnePulse_DeInit) refers to stm32f4xx_hal_tim.o(i.HAL_TIM_OnePulse_MspDeInit) for HAL_TIM_OnePulse_MspDeInit
    stm32f4xx_hal_tim.o(i.HAL_TIM_OnePulse_Init) refers to stm32f4xx_hal_tim.o(i.HAL_TIM_OnePulse_MspInit) for HAL_TIM_OnePulse_MspInit
    stm32f4xx_hal_tim.o(i.HAL_TIM_OnePulse_Init) refers to stm32f4xx_hal_tim.o(i.TIM_Base_SetConfig) for TIM_Base_SetConfig
    stm32f4xx_hal_tim.o(i.HAL_TIM_OnePulse_Start) refers to stm32f4xx_hal_tim.o(i.TIM_CCxChannelCmd) for TIM_CCxChannelCmd
    stm32f4xx_hal_tim.o(i.HAL_TIM_OnePulse_Start_IT) refers to stm32f4xx_hal_tim.o(i.TIM_CCxChannelCmd) for TIM_CCxChannelCmd
    stm32f4xx_hal_tim.o(i.HAL_TIM_OnePulse_Stop) refers to stm32f4xx_hal_tim.o(i.TIM_CCxChannelCmd) for TIM_CCxChannelCmd
    stm32f4xx_hal_tim.o(i.HAL_TIM_OnePulse_Stop_IT) refers to stm32f4xx_hal_tim.o(i.TIM_CCxChannelCmd) for TIM_CCxChannelCmd
    stm32f4xx_hal_tim.o(i.HAL_TIM_PWM_ConfigChannel) refers to stm32f4xx_hal_tim.o(i.TIM_OC1_SetConfig) for TIM_OC1_SetConfig
    stm32f4xx_hal_tim.o(i.HAL_TIM_PWM_ConfigChannel) refers to stm32f4xx_hal_tim.o(i.TIM_OC2_SetConfig) for TIM_OC2_SetConfig
    stm32f4xx_hal_tim.o(i.HAL_TIM_PWM_ConfigChannel) refers to stm32f4xx_hal_tim.o(i.TIM_OC3_SetConfig) for TIM_OC3_SetConfig
    stm32f4xx_hal_tim.o(i.HAL_TIM_PWM_ConfigChannel) refers to stm32f4xx_hal_tim.o(i.TIM_OC4_SetConfig) for TIM_OC4_SetConfig
    stm32f4xx_hal_tim.o(i.HAL_TIM_PWM_DeInit) refers to stm32f4xx_hal_tim.o(i.HAL_TIM_PWM_MspDeInit) for HAL_TIM_PWM_MspDeInit
    stm32f4xx_hal_tim.o(i.HAL_TIM_PWM_Init) refers to stm32f4xx_hal_tim.o(i.HAL_TIM_PWM_MspInit) for HAL_TIM_PWM_MspInit
    stm32f4xx_hal_tim.o(i.HAL_TIM_PWM_Init) refers to stm32f4xx_hal_tim.o(i.TIM_Base_SetConfig) for TIM_Base_SetConfig
    stm32f4xx_hal_tim.o(i.HAL_TIM_PWM_Start) refers to stm32f4xx_hal_tim.o(i.TIM_CCxChannelCmd) for TIM_CCxChannelCmd
    stm32f4xx_hal_tim.o(i.HAL_TIM_PWM_Start_DMA) refers to stm32f4xx_hal_dma.o(i.HAL_DMA_Start_IT) for HAL_DMA_Start_IT
    stm32f4xx_hal_tim.o(i.HAL_TIM_PWM_Start_DMA) refers to stm32f4xx_hal_tim.o(i.TIM_CCxChannelCmd) for TIM_CCxChannelCmd
    stm32f4xx_hal_tim.o(i.HAL_TIM_PWM_Start_DMA) refers to stm32f4xx_hal_tim.o(i.TIM_DMADelayPulseCplt) for TIM_DMADelayPulseCplt
    stm32f4xx_hal_tim.o(i.HAL_TIM_PWM_Start_DMA) refers to stm32f4xx_hal_tim.o(i.TIM_DMAError) for TIM_DMAError
    stm32f4xx_hal_tim.o(i.HAL_TIM_PWM_Start_IT) refers to stm32f4xx_hal_tim.o(i.TIM_CCxChannelCmd) for TIM_CCxChannelCmd
    stm32f4xx_hal_tim.o(i.HAL_TIM_PWM_Stop) refers to stm32f4xx_hal_tim.o(i.TIM_CCxChannelCmd) for TIM_CCxChannelCmd
    stm32f4xx_hal_tim.o(i.HAL_TIM_PWM_Stop_DMA) refers to stm32f4xx_hal_tim.o(i.TIM_CCxChannelCmd) for TIM_CCxChannelCmd
    stm32f4xx_hal_tim.o(i.HAL_TIM_PWM_Stop_IT) refers to stm32f4xx_hal_tim.o(i.TIM_CCxChannelCmd) for TIM_CCxChannelCmd
    stm32f4xx_hal_tim.o(i.HAL_TIM_SlaveConfigSynchronization) refers to stm32f4xx_hal_tim.o(i.TIM_SlaveTimer_SetConfig) for TIM_SlaveTimer_SetConfig
    stm32f4xx_hal_tim.o(i.HAL_TIM_SlaveConfigSynchronization_IT) refers to stm32f4xx_hal_tim.o(i.TIM_SlaveTimer_SetConfig) for TIM_SlaveTimer_SetConfig
    stm32f4xx_hal_tim.o(i.TIM_DMACaptureCplt) refers to stm32f4xx_hal_tim.o(i.HAL_TIM_IC_CaptureCallback) for HAL_TIM_IC_CaptureCallback
    stm32f4xx_hal_tim.o(i.TIM_DMADelayPulseCplt) refers to stm32f4xx_hal_tim.o(i.HAL_TIM_PWM_PulseFinishedCallback) for HAL_TIM_PWM_PulseFinishedCallback
    stm32f4xx_hal_tim.o(i.TIM_DMAError) refers to stm32f4xx_hal_tim.o(i.HAL_TIM_ErrorCallback) for HAL_TIM_ErrorCallback
    stm32f4xx_hal_tim.o(i.TIM_DMAPeriodElapsedCplt) refers to stm32f4xx_hal_tim.o(i.HAL_TIM_PeriodElapsedCallback) for HAL_TIM_PeriodElapsedCallback
    stm32f4xx_hal_tim.o(i.TIM_DMATriggerCplt) refers to stm32f4xx_hal_tim.o(i.HAL_TIM_TriggerCallback) for HAL_TIM_TriggerCallback
    stm32f4xx_hal_tim.o(i.TIM_SlaveTimer_SetConfig) refers to stm32f4xx_hal_tim.o(i.TIM_ETR_SetConfig) for TIM_ETR_SetConfig
    stm32f4xx_hal_tim.o(i.TIM_SlaveTimer_SetConfig) refers to stm32f4xx_hal_tim.o(i.TIM_TI1_ConfigInputStage) for TIM_TI1_ConfigInputStage
    stm32f4xx_hal_tim.o(i.TIM_SlaveTimer_SetConfig) refers to stm32f4xx_hal_tim.o(i.TIM_TI2_ConfigInputStage) for TIM_TI2_ConfigInputStage
    stm32f4xx_hal_rcc.o(i.HAL_RCC_ClockConfig) refers to stm32f4xx_hal.o(i.HAL_GetTick) for HAL_GetTick
    stm32f4xx_hal_rcc.o(i.HAL_RCC_ClockConfig) refers to stm32f4xx_hal_rcc.o(i.HAL_RCC_GetSysClockFreq) for HAL_RCC_GetSysClockFreq
    stm32f4xx_hal_rcc.o(i.HAL_RCC_ClockConfig) refers to stm32f4xx_hal.o(i.HAL_InitTick) for HAL_InitTick
    stm32f4xx_hal_rcc.o(i.HAL_RCC_ClockConfig) refers to stm32f4xx_hal_rcc.o(.constdata) for .constdata
    stm32f4xx_hal_rcc.o(i.HAL_RCC_ClockConfig) refers to system_stm32f4xx.o(.data) for SystemCoreClock
    stm32f4xx_hal_rcc.o(i.HAL_RCC_GetHCLKFreq) refers to system_stm32f4xx.o(.data) for SystemCoreClock
    stm32f4xx_hal_rcc.o(i.HAL_RCC_GetPCLK1Freq) refers to system_stm32f4xx.o(.data) for SystemCoreClock
    stm32f4xx_hal_rcc.o(i.HAL_RCC_GetPCLK1Freq) refers to stm32f4xx_hal_rcc.o(.constdata) for .constdata
    stm32f4xx_hal_rcc.o(i.HAL_RCC_GetPCLK2Freq) refers to system_stm32f4xx.o(.data) for SystemCoreClock
    stm32f4xx_hal_rcc.o(i.HAL_RCC_GetPCLK2Freq) refers to stm32f4xx_hal_rcc.o(.constdata) for .constdata
    stm32f4xx_hal_rcc.o(i.HAL_RCC_MCOConfig) refers to stm32f4xx_hal_gpio.o(i.HAL_GPIO_Init) for HAL_GPIO_Init
    stm32f4xx_hal_rcc.o(i.HAL_RCC_NMI_IRQHandler) refers to stm32f4xx_hal_rcc.o(i.HAL_RCC_CSSCallback) for HAL_RCC_CSSCallback
    stm32f4xx_hal_rcc.o(i.HAL_RCC_OscConfig) refers to stm32f4xx_hal.o(i.HAL_GetTick) for HAL_GetTick
    stm32f4xx_hal.o(i.HAL_DeInit) refers to stm32f4xx_hal.o(i.HAL_MspDeInit) for HAL_MspDeInit
    stm32f4xx_hal.o(i.HAL_Delay) refers to stm32f4xx_hal.o(i.HAL_GetTick) for HAL_GetTick
    stm32f4xx_hal.o(i.HAL_GetTick) refers to stm32f4xx_hal.o(.data) for .data
    stm32f4xx_hal.o(i.HAL_IncTick) refers to stm32f4xx_hal.o(.data) for .data
    stm32f4xx_hal.o(i.HAL_Init) refers to stm32f4xx_hal_cortex.o(i.HAL_NVIC_SetPriorityGrouping) for HAL_NVIC_SetPriorityGrouping
    stm32f4xx_hal.o(i.HAL_Init) refers to stm32f4xx_hal.o(i.HAL_InitTick) for HAL_InitTick
    stm32f4xx_hal.o(i.HAL_Init) refers to stm32f4xx_hal_msp.o(i.HAL_MspInit) for HAL_MspInit
    stm32f4xx_hal.o(i.HAL_InitTick) refers to stm32f4xx_hal_cortex.o(i.HAL_SYSTICK_Config) for HAL_SYSTICK_Config
    stm32f4xx_hal.o(i.HAL_InitTick) refers to stm32f4xx_hal_cortex.o(i.HAL_NVIC_SetPriority) for HAL_NVIC_SetPriority
    stm32f4xx_hal.o(i.HAL_InitTick) refers to system_stm32f4xx.o(.data) for SystemCoreClock
    stm32f4xx_hal_pwr_ex.o(i.HAL_PWREx_ControlVoltageScaling) refers to stm32f4xx_hal.o(i.HAL_GetTick) for HAL_GetTick
    stm32f4xx_hal_pwr_ex.o(i.HAL_PWREx_DisableBkUpReg) refers to stm32f4xx_hal.o(i.HAL_GetTick) for HAL_GetTick
    stm32f4xx_hal_pwr_ex.o(i.HAL_PWREx_EnableBkUpReg) refers to stm32f4xx_hal.o(i.HAL_GetTick) for HAL_GetTick
    stm32f4xx_hal_flash_ex.o(i.HAL_FLASHEx_Erase) refers to stm32f4xx_hal_flash.o(i.FLASH_WaitForLastOperation) for FLASH_WaitForLastOperation
    stm32f4xx_hal_flash_ex.o(i.HAL_FLASHEx_Erase) refers to stm32f4xx_hal_flash_ex.o(i.FLASH_MassErase) for FLASH_MassErase
    stm32f4xx_hal_flash_ex.o(i.HAL_FLASHEx_Erase) refers to stm32f4xx_hal_flash_ex.o(i.FLASH_Erase_Sector) for FLASH_Erase_Sector
    stm32f4xx_hal_flash_ex.o(i.HAL_FLASHEx_Erase) refers to stm32f4xx_hal_flash_ex.o(i.FLASH_FlushCaches) for FLASH_FlushCaches
    stm32f4xx_hal_flash_ex.o(i.HAL_FLASHEx_Erase) refers to stm32f4xx_hal_flash.o(.bss) for pFlash
    stm32f4xx_hal_flash_ex.o(i.HAL_FLASHEx_Erase_IT) refers to stm32f4xx_hal_flash_ex.o(i.FLASH_Erase_Sector) for FLASH_Erase_Sector
    stm32f4xx_hal_flash_ex.o(i.HAL_FLASHEx_Erase_IT) refers to stm32f4xx_hal_flash_ex.o(i.FLASH_MassErase) for FLASH_MassErase
    stm32f4xx_hal_flash_ex.o(i.HAL_FLASHEx_Erase_IT) refers to stm32f4xx_hal_flash.o(.bss) for pFlash
    stm32f4xx_hal_flash_ex.o(i.HAL_FLASHEx_OBProgram) refers to stm32f4xx_hal_flash.o(i.FLASH_WaitForLastOperation) for FLASH_WaitForLastOperation
    stm32f4xx_hal_flash_ex.o(i.HAL_FLASHEx_OBProgram) refers to stm32f4xx_hal_flash.o(.bss) for pFlash
    stm32f4xx_hal_tim_ex.o(i.HAL_TIMEx_ConfigCommutationEvent_DMA) refers to stm32f4xx_hal_tim_ex.o(i.TIMEx_DMACommutationCplt) for TIMEx_DMACommutationCplt
    stm32f4xx_hal_tim_ex.o(i.HAL_TIMEx_ConfigCommutationEvent_DMA) refers to stm32f4xx_hal_tim.o(i.TIM_DMAError) for TIM_DMAError
    stm32f4xx_hal_tim_ex.o(i.HAL_TIMEx_HallSensor_DeInit) refers to stm32f4xx_hal_tim_ex.o(i.HAL_TIMEx_HallSensor_MspDeInit) for HAL_TIMEx_HallSensor_MspDeInit
    stm32f4xx_hal_tim_ex.o(i.HAL_TIMEx_HallSensor_Init) refers to stm32f4xx_hal_tim_ex.o(i.HAL_TIMEx_HallSensor_MspInit) for HAL_TIMEx_HallSensor_MspInit
    stm32f4xx_hal_tim_ex.o(i.HAL_TIMEx_HallSensor_Init) refers to stm32f4xx_hal_tim.o(i.TIM_Base_SetConfig) for TIM_Base_SetConfig
    stm32f4xx_hal_tim_ex.o(i.HAL_TIMEx_HallSensor_Init) refers to stm32f4xx_hal_tim.o(i.TIM_TI1_SetConfig) for TIM_TI1_SetConfig
    stm32f4xx_hal_tim_ex.o(i.HAL_TIMEx_HallSensor_Init) refers to stm32f4xx_hal_tim.o(i.TIM_OC2_SetConfig) for TIM_OC2_SetConfig
    stm32f4xx_hal_tim_ex.o(i.HAL_TIMEx_HallSensor_Start) refers to stm32f4xx_hal_tim.o(i.TIM_CCxChannelCmd) for TIM_CCxChannelCmd
    stm32f4xx_hal_tim_ex.o(i.HAL_TIMEx_HallSensor_Start_DMA) refers to stm32f4xx_hal_tim.o(i.TIM_CCxChannelCmd) for TIM_CCxChannelCmd
    stm32f4xx_hal_tim_ex.o(i.HAL_TIMEx_HallSensor_Start_DMA) refers to stm32f4xx_hal_dma.o(i.HAL_DMA_Start_IT) for HAL_DMA_Start_IT
    stm32f4xx_hal_tim_ex.o(i.HAL_TIMEx_HallSensor_Start_DMA) refers to stm32f4xx_hal_tim.o(i.TIM_DMACaptureCplt) for TIM_DMACaptureCplt
    stm32f4xx_hal_tim_ex.o(i.HAL_TIMEx_HallSensor_Start_DMA) refers to stm32f4xx_hal_tim.o(i.TIM_DMAError) for TIM_DMAError
    stm32f4xx_hal_tim_ex.o(i.HAL_TIMEx_HallSensor_Start_IT) refers to stm32f4xx_hal_tim.o(i.TIM_CCxChannelCmd) for TIM_CCxChannelCmd
    stm32f4xx_hal_tim_ex.o(i.HAL_TIMEx_HallSensor_Stop) refers to stm32f4xx_hal_tim.o(i.TIM_CCxChannelCmd) for TIM_CCxChannelCmd
    stm32f4xx_hal_tim_ex.o(i.HAL_TIMEx_HallSensor_Stop_DMA) refers to stm32f4xx_hal_tim.o(i.TIM_CCxChannelCmd) for TIM_CCxChannelCmd
    stm32f4xx_hal_tim_ex.o(i.HAL_TIMEx_HallSensor_Stop_IT) refers to stm32f4xx_hal_tim.o(i.TIM_CCxChannelCmd) for TIM_CCxChannelCmd
    stm32f4xx_hal_tim_ex.o(i.HAL_TIMEx_OCN_Start) refers to stm32f4xx_hal_tim_ex.o(i.TIM_CCxNChannelCmd) for TIM_CCxNChannelCmd
    stm32f4xx_hal_tim_ex.o(i.HAL_TIMEx_OCN_Start_DMA) refers to stm32f4xx_hal_dma.o(i.HAL_DMA_Start_IT) for HAL_DMA_Start_IT
    stm32f4xx_hal_tim_ex.o(i.HAL_TIMEx_OCN_Start_DMA) refers to stm32f4xx_hal_tim_ex.o(i.TIM_CCxNChannelCmd) for TIM_CCxNChannelCmd
    stm32f4xx_hal_tim_ex.o(i.HAL_TIMEx_OCN_Start_DMA) refers to stm32f4xx_hal_tim.o(i.TIM_DMADelayPulseCplt) for TIM_DMADelayPulseCplt
    stm32f4xx_hal_tim_ex.o(i.HAL_TIMEx_OCN_Start_DMA) refers to stm32f4xx_hal_tim.o(i.TIM_DMAError) for TIM_DMAError
    stm32f4xx_hal_tim_ex.o(i.HAL_TIMEx_OCN_Start_IT) refers to stm32f4xx_hal_tim_ex.o(i.TIM_CCxNChannelCmd) for TIM_CCxNChannelCmd
    stm32f4xx_hal_tim_ex.o(i.HAL_TIMEx_OCN_Stop) refers to stm32f4xx_hal_tim_ex.o(i.TIM_CCxNChannelCmd) for TIM_CCxNChannelCmd
    stm32f4xx_hal_tim_ex.o(i.HAL_TIMEx_OCN_Stop_DMA) refers to stm32f4xx_hal_tim_ex.o(i.TIM_CCxNChannelCmd) for TIM_CCxNChannelCmd
    stm32f4xx_hal_tim_ex.o(i.HAL_TIMEx_OCN_Stop_IT) refers to stm32f4xx_hal_tim_ex.o(i.TIM_CCxNChannelCmd) for TIM_CCxNChannelCmd
    stm32f4xx_hal_tim_ex.o(i.HAL_TIMEx_OnePulseN_Start) refers to stm32f4xx_hal_tim_ex.o(i.TIM_CCxNChannelCmd) for TIM_CCxNChannelCmd
    stm32f4xx_hal_tim_ex.o(i.HAL_TIMEx_OnePulseN_Start_IT) refers to stm32f4xx_hal_tim_ex.o(i.TIM_CCxNChannelCmd) for TIM_CCxNChannelCmd
    stm32f4xx_hal_tim_ex.o(i.HAL_TIMEx_OnePulseN_Stop) refers to stm32f4xx_hal_tim_ex.o(i.TIM_CCxNChannelCmd) for TIM_CCxNChannelCmd
    stm32f4xx_hal_tim_ex.o(i.HAL_TIMEx_OnePulseN_Stop_IT) refers to stm32f4xx_hal_tim_ex.o(i.TIM_CCxNChannelCmd) for TIM_CCxNChannelCmd
    stm32f4xx_hal_tim_ex.o(i.HAL_TIMEx_PWMN_Start) refers to stm32f4xx_hal_tim_ex.o(i.TIM_CCxNChannelCmd) for TIM_CCxNChannelCmd
    stm32f4xx_hal_tim_ex.o(i.HAL_TIMEx_PWMN_Start_DMA) refers to stm32f4xx_hal_dma.o(i.HAL_DMA_Start_IT) for HAL_DMA_Start_IT
    stm32f4xx_hal_tim_ex.o(i.HAL_TIMEx_PWMN_Start_DMA) refers to stm32f4xx_hal_tim_ex.o(i.TIM_CCxNChannelCmd) for TIM_CCxNChannelCmd
    stm32f4xx_hal_tim_ex.o(i.HAL_TIMEx_PWMN_Start_DMA) refers to stm32f4xx_hal_tim.o(i.TIM_DMADelayPulseCplt) for TIM_DMADelayPulseCplt
    stm32f4xx_hal_tim_ex.o(i.HAL_TIMEx_PWMN_Start_DMA) refers to stm32f4xx_hal_tim.o(i.TIM_DMAError) for TIM_DMAError
    stm32f4xx_hal_tim_ex.o(i.HAL_TIMEx_PWMN_Start_IT) refers to stm32f4xx_hal_tim_ex.o(i.TIM_CCxNChannelCmd) for TIM_CCxNChannelCmd
    stm32f4xx_hal_tim_ex.o(i.HAL_TIMEx_PWMN_Stop) refers to stm32f4xx_hal_tim_ex.o(i.TIM_CCxNChannelCmd) for TIM_CCxNChannelCmd
    stm32f4xx_hal_tim_ex.o(i.HAL_TIMEx_PWMN_Stop_DMA) refers to stm32f4xx_hal_tim_ex.o(i.TIM_CCxNChannelCmd) for TIM_CCxNChannelCmd
    stm32f4xx_hal_tim_ex.o(i.HAL_TIMEx_PWMN_Stop_IT) refers to stm32f4xx_hal_tim_ex.o(i.TIM_CCxNChannelCmd) for TIM_CCxNChannelCmd
    stm32f4xx_hal_tim_ex.o(i.TIMEx_DMACommutationCplt) refers to stm32f4xx_hal_tim_ex.o(i.HAL_TIMEx_CommutationCallback) for HAL_TIMEx_CommutationCallback
    stm32f4xx_hal_gpio.o(i.HAL_GPIO_EXTI_IRQHandler) refers to stm32f4xx_hal_gpio.o(i.HAL_GPIO_EXTI_Callback) for HAL_GPIO_EXTI_Callback
    stm32f4xx_hal_flash.o(i.FLASH_SetErrorCode) refers to stm32f4xx_hal_flash.o(.bss) for .bss
    stm32f4xx_hal_flash.o(i.FLASH_WaitForLastOperation) refers to stm32f4xx_hal.o(i.HAL_GetTick) for HAL_GetTick
    stm32f4xx_hal_flash.o(i.FLASH_WaitForLastOperation) refers to stm32f4xx_hal_flash.o(i.FLASH_SetErrorCode) for FLASH_SetErrorCode
    stm32f4xx_hal_flash.o(i.FLASH_WaitForLastOperation) refers to stm32f4xx_hal_flash.o(.bss) for .bss
    stm32f4xx_hal_flash.o(i.HAL_FLASH_GetError) refers to stm32f4xx_hal_flash.o(.bss) for .bss
    stm32f4xx_hal_flash.o(i.HAL_FLASH_IRQHandler) refers to stm32f4xx_hal_flash.o(i.FLASH_SetErrorCode) for FLASH_SetErrorCode
    stm32f4xx_hal_flash.o(i.HAL_FLASH_IRQHandler) refers to stm32f4xx_hal_flash.o(i.HAL_FLASH_OperationErrorCallback) for HAL_FLASH_OperationErrorCallback
    stm32f4xx_hal_flash.o(i.HAL_FLASH_IRQHandler) refers to stm32f4xx_hal_flash.o(i.HAL_FLASH_EndOfOperationCallback) for HAL_FLASH_EndOfOperationCallback
    stm32f4xx_hal_flash.o(i.HAL_FLASH_IRQHandler) refers to stm32f4xx_hal_flash_ex.o(i.FLASH_Erase_Sector) for FLASH_Erase_Sector
    stm32f4xx_hal_flash.o(i.HAL_FLASH_IRQHandler) refers to stm32f4xx_hal_flash_ex.o(i.FLASH_FlushCaches) for FLASH_FlushCaches
    stm32f4xx_hal_flash.o(i.HAL_FLASH_IRQHandler) refers to stm32f4xx_hal_flash.o(.bss) for .bss
    stm32f4xx_hal_flash.o(i.HAL_FLASH_OB_Launch) refers to stm32f4xx_hal_flash.o(i.FLASH_WaitForLastOperation) for FLASH_WaitForLastOperation
    stm32f4xx_hal_flash.o(i.HAL_FLASH_Program) refers to stm32f4xx_hal_flash.o(i.FLASH_WaitForLastOperation) for FLASH_WaitForLastOperation
    stm32f4xx_hal_flash.o(i.HAL_FLASH_Program) refers to stm32f4xx_hal_flash.o(i.FLASH_Program_DoubleWord) for FLASH_Program_DoubleWord
    stm32f4xx_hal_flash.o(i.HAL_FLASH_Program) refers to stm32f4xx_hal_flash.o(i.FLASH_Program_Byte) for FLASH_Program_Byte
    stm32f4xx_hal_flash.o(i.HAL_FLASH_Program) refers to stm32f4xx_hal_flash.o(i.FLASH_Program_HalfWord) for FLASH_Program_HalfWord
    stm32f4xx_hal_flash.o(i.HAL_FLASH_Program) refers to stm32f4xx_hal_flash.o(i.FLASH_Program_Word) for FLASH_Program_Word
    stm32f4xx_hal_flash.o(i.HAL_FLASH_Program) refers to stm32f4xx_hal_flash.o(.bss) for .bss
    stm32f4xx_hal_flash.o(i.HAL_FLASH_Program_IT) refers to stm32f4xx_hal_flash.o(i.FLASH_Program_DoubleWord) for FLASH_Program_DoubleWord
    stm32f4xx_hal_flash.o(i.HAL_FLASH_Program_IT) refers to stm32f4xx_hal_flash.o(i.FLASH_Program_Byte) for FLASH_Program_Byte
    stm32f4xx_hal_flash.o(i.HAL_FLASH_Program_IT) refers to stm32f4xx_hal_flash.o(i.FLASH_Program_HalfWord) for FLASH_Program_HalfWord
    stm32f4xx_hal_flash.o(i.HAL_FLASH_Program_IT) refers to stm32f4xx_hal_flash.o(i.FLASH_Program_Word) for FLASH_Program_Word
    stm32f4xx_hal_flash.o(i.HAL_FLASH_Program_IT) refers to stm32f4xx_hal_flash.o(.bss) for .bss
    stm32f4xx_hal_dma.o(i.DMA_CalcBaseAndBitshift) refers to stm32f4xx_hal_dma.o(.constdata) for .constdata
    stm32f4xx_hal_dma.o(i.HAL_DMA_Abort) refers to stm32f4xx_hal.o(i.HAL_GetTick) for HAL_GetTick
    stm32f4xx_hal_dma.o(i.HAL_DMA_DeInit) refers to stm32f4xx_hal_dma.o(i.DMA_CalcBaseAndBitshift) for DMA_CalcBaseAndBitshift
    stm32f4xx_hal_dma.o(i.HAL_DMA_IRQHandler) refers to system_stm32f4xx.o(.data) for SystemCoreClock
    stm32f4xx_hal_dma.o(i.HAL_DMA_Init) refers to stm32f4xx_hal.o(i.HAL_GetTick) for HAL_GetTick
    stm32f4xx_hal_dma.o(i.HAL_DMA_Init) refers to stm32f4xx_hal_dma.o(i.DMA_CheckFifoParam) for DMA_CheckFifoParam
    stm32f4xx_hal_dma.o(i.HAL_DMA_Init) refers to stm32f4xx_hal_dma.o(i.DMA_CalcBaseAndBitshift) for DMA_CalcBaseAndBitshift
    stm32f4xx_hal_dma.o(i.HAL_DMA_PollForTransfer) refers to stm32f4xx_hal.o(i.HAL_GetTick) for HAL_GetTick
    stm32f4xx_hal_dma.o(i.HAL_DMA_PollForTransfer) refers to stm32f4xx_hal_dma.o(i.HAL_DMA_Abort) for HAL_DMA_Abort
    stm32f4xx_hal_dma.o(i.HAL_DMA_Start) refers to stm32f4xx_hal_dma.o(i.DMA_SetConfig) for DMA_SetConfig
    stm32f4xx_hal_dma.o(i.HAL_DMA_Start_IT) refers to stm32f4xx_hal_dma.o(i.DMA_SetConfig) for DMA_SetConfig
    stm32f4xx_hal_pwr.o(i.HAL_PWR_PVD_IRQHandler) refers to stm32f4xx_hal_pwr.o(i.HAL_PWR_PVDCallback) for HAL_PWR_PVDCallback
    stm32f4xx_hal_dma_ex.o(i.HAL_DMAEx_MultiBufferStart) refers to stm32f4xx_hal_dma_ex.o(i.DMA_MultiBufferSetConfig) for DMA_MultiBufferSetConfig
    stm32f4xx_hal_dma_ex.o(i.HAL_DMAEx_MultiBufferStart_IT) refers to stm32f4xx_hal_dma_ex.o(i.DMA_MultiBufferSetConfig) for DMA_MultiBufferSetConfig
    stm32f4xx_hal_cortex.o(i.HAL_NVIC_SetPriority) refers to stm32f4xx_hal_cortex.o(i.NVIC_SetPriority) for NVIC_SetPriority
    stm32f4xx_hal_cortex.o(i.HAL_SYSTICK_Config) refers to stm32f4xx_hal_cortex.o(i.NVIC_SetPriority) for NVIC_SetPriority
    stm32f4xx_hal_cortex.o(i.HAL_SYSTICK_IRQHandler) refers to stm32f4xx_hal_cortex.o(i.HAL_SYSTICK_Callback) for HAL_SYSTICK_Callback
    stm32f4xx_hal_rcc_ex.o(i.HAL_RCCEx_PeriphCLKConfig) refers to stm32f4xx_hal.o(i.HAL_GetTick) for HAL_GetTick
    stm32f4xx_hal_rcc_ex.o(i.HAL_RCC_DeInit) refers to system_stm32f4xx.o(.data) for SystemCoreClock
    startup_stm32f407xx.o(RESET) refers to startup_stm32f407xx.o(STACK) for __initial_sp
    startup_stm32f407xx.o(RESET) refers to startup_stm32f407xx.o(.text) for Reset_Handler
    startup_stm32f407xx.o(RESET) refers to stm32f4xx_it.o(i.NMI_Handler) for NMI_Handler
    startup_stm32f407xx.o(RESET) refers to stm32f4xx_it.o(i.HardFault_Handler) for HardFault_Handler
    startup_stm32f407xx.o(RESET) refers to stm32f4xx_it.o(i.MemManage_Handler) for MemManage_Handler
    startup_stm32f407xx.o(RESET) refers to stm32f4xx_it.o(i.BusFault_Handler) for BusFault_Handler
    startup_stm32f407xx.o(RESET) refers to stm32f4xx_it.o(i.UsageFault_Handler) for UsageFault_Handler
    startup_stm32f407xx.o(RESET) refers to stm32f4xx_it.o(i.SVC_Handler) for SVC_Handler
    startup_stm32f407xx.o(RESET) refers to stm32f4xx_it.o(i.DebugMon_Handler) for DebugMon_Handler
    startup_stm32f407xx.o(RESET) refers to stm32f4xx_it.o(i.PendSV_Handler) for PendSV_Handler
    startup_stm32f407xx.o(RESET) refers to stm32f4xx_it.o(i.SysTick_Handler) for SysTick_Handler
    startup_stm32f407xx.o(RESET) refers to stm32f4xx_it.o(i.TIM3_IRQHandler) for TIM3_IRQHandler
    startup_stm32f407xx.o(RESET) refers to stm32f4xx_it.o(i.TIM8_CC_IRQHandler) for TIM8_CC_IRQHandler
    startup_stm32f407xx.o(.text) refers to system_stm32f4xx.o(i.SystemInit) for SystemInit
    startup_stm32f407xx.o(.text) refers to entry.o(.ARM.Collect$$$$00000000) for __main
    entry.o(.ARM.Collect$$$$00000000) refers (Special) to entry10a.o(.ARM.Collect$$$$0000000D) for __rt_final_cpp
    entry.o(.ARM.Collect$$$$00000000) refers (Special) to entry11a.o(.ARM.Collect$$$$0000000F) for __rt_final_exit
    entry.o(.ARM.Collect$$$$00000000) refers (Special) to entry7b.o(.ARM.Collect$$$$00000008) for _main_clock
    entry.o(.ARM.Collect$$$$00000000) refers (Special) to entry8b.o(.ARM.Collect$$$$0000000A) for _main_cpp_init
    entry.o(.ARM.Collect$$$$00000000) refers (Special) to entry9a.o(.ARM.Collect$$$$0000000B) for _main_init
    entry.o(.ARM.Collect$$$$00000000) refers (Special) to entry5.o(.ARM.Collect$$$$00000004) for _main_scatterload
    entry.o(.ARM.Collect$$$$00000000) refers (Special) to entry2.o(.ARM.Collect$$$$00000001) for _main_stk
    entry2.o(.ARM.Collect$$$$00000001) refers to entry2.o(.ARM.Collect$$$$00002712) for __lit__00000000
    entry2.o(.ARM.Collect$$$$00002712) refers to startup_stm32f407xx.o(STACK) for __initial_sp
    entry2.o(__vectab_stack_and_reset_area) refers to startup_stm32f407xx.o(STACK) for __initial_sp
    entry2.o(__vectab_stack_and_reset_area) refers to entry.o(.ARM.Collect$$$$00000000) for __main
    entry5.o(.ARM.Collect$$$$00000004) refers to init.o(.text) for __scatterload
    entry9a.o(.ARM.Collect$$$$0000000B) refers to main.o(i.main) for main
    entry9b.o(.ARM.Collect$$$$0000000C) refers to main.o(i.main) for main
    init.o(.text) refers to entry5.o(.ARM.Collect$$$$00000004) for __main_after_scatterload

