<html>
<body>
<pre>
<h1>µVision Build Log</h1>
<h2>Tool Versions:</h2>
IDE-Version: µVision V5.14.0.0
Copyright (C) 2015 ARM Ltd and ARM Germany GmbH. All rights reserved.
License Information: Denis Tolubaev StarLine Flex license: MDK-ARM Standard Cortex-M only: 17 user(s) (mdk_cm_std) Support: Jul 2017
 
Tool Versions:
Toolchain:       MDK-ARM Standard Cortex-M only: 17 user(s)  Version: 5.14.0.0
Toolchain Path:  C:\Keil\ARM\ARMCC\Bin
C Compiler:      Armcc.exe V5.05 update 1 (build 106)
Assembler:       Armasm.exe V5.05 update 1 (build 106)
Linker/Locator:  ArmLink.exe V5.05 update 1 (build 106)
Library Manager: ArmAr.exe V5.05 update 1 (build 106)
Hex Converter:   FromElf.exe V5.05 update 1 (build 106)
CPU DLL:         SARMCM3.DLL V5.14.0.0
Dialog DLL:      DCM.DLL V1.13.1.0
Target DLL:      STLink\ST-LINKIII-KEIL_SWO.dll V2.0.14.0_KEIL
Dialog DLL:      TCM.DLL V1.14.4.0
 
<h2>Project:</h2>
F:\WORK_Space\Ìîè ïðîåêòû\My_Proj\RC5\MDK-ARM\RC5.uvprojx
Project File Date:  01/20/2017

<h2>Output:</h2>
Build target 'RC5'
compiling stm32f4xx_it.c...
linking...
Program Size: Code=6068 RO-data=440 RW-data=188 ZI-data=1148  
"RC5\RC5.axf" - 0 Error(s), 0 Warning(s).

<h2>Software Packages used:</h2>

Package Vendor: ARM
                http://www.keil.com/pack/ARM.CMSIS.4.3.0.pack
                ARM::CMSIS:CORE:4.1.0
                CMSIS (Cortex Microcontroller Software Interface Standard)
   * Component: CORE Version: 4.1.0

<h2>Collection of Component include folders:</h2>
  F:\WORK_Space\Ìîè ïðîåêòû\My_Proj\RC5\MDK-ARM\RTE
  C:\Keil\ARM\PACK\ARM\CMSIS\4.3.0\CMSIS\Include
  C:\Keil\ARM\PACK\Keil\STM32F4xx_DFP\2.4.0

<h2>Collection of Component Files used:</h2>

   * Component: ARM::CMSIS:CORE:4.1.0
</pre>
</body>
</html>
